
28. Executing CHECK pass (checking for obvious problems).
Checking module dvsd_8216m3...
Warning: Wire dvsd_8216m3.\m [15] is used but has no driver.
Warning: Wire dvsd_8216m3.\m [14] is used but has no driver.
Warning: Wire dvsd_8216m3.\m [13] is used but has no driver.
Warning: Wire dvsd_8216m3.\m [12] is used but has no driver.
Warning: Wire dvsd_8216m3.\m [11] is used but has no driver.
Warning: Wire dvsd_8216m3.\m [10] is used but has no driver.
Warning: Wire dvsd_8216m3.\m [9] is used but has no driver.
Warning: Wire dvsd_8216m3.\m [8] is used but has no driver.
Warning: Wire dvsd_8216m3.\m [7] is used but has no driver.
Warning: Wire dvsd_8216m3.\m [6] is used but has no driver.
Warning: Wire dvsd_8216m3.\m [5] is used but has no driver.
Warning: Wire dvsd_8216m3.\m [4] is used but has no driver.
Warning: Wire dvsd_8216m3.\m [3] is used but has no driver.
Warning: Wire dvsd_8216m3.\m [2] is used but has no driver.
Warning: Wire dvsd_8216m3.\m [1] is used but has no driver.
Warning: Wire dvsd_8216m3.\m [0] is used but has no driver.
Found and reported 16 problems.
